Analysis & Elaboration report for top
Mon Jul 27 20:09:20 2026
Quartus Prime Version 24.1std.0 Build 1077 03/04/2025 SC Standard Edition


---------------------
; Table of Contents ;
---------------------
  1. Legal Notice
  2. Analysis & Elaboration Summary
  3. Parallel Compilation
  4. Parameter Settings for User Entity Instance: uart_rx_128:uart_plain_inst
  5. Parameter Settings for User Entity Instance: uart_rx_128:uart_plain_inst|uart_rx:u_uart_rx
  6. Analysis & Elaboration Settings
  7. Analysis & Elaboration Messages
  8. Analysis & Elaboration Suppressed Messages



----------------
; Legal Notice ;
----------------
Copyright (C) 2025  Altera Corporation. All rights reserved.
Your use of Altera Corporation's design tools, logic functions 
and other software and tools, and any partner logic 
functions, and any output files from any of the foregoing 
(including device programming or simulation files), and any 
associated documentation or information are expressly subject 
to the terms and conditions of the Altera Program License 
Subscription Agreement, the Altera Quartus Prime License Agreement,
the Altera IP License Agreement, or other applicable license
agreement, including, without limitation, that your use is for
the sole purpose of programming logic devices manufactured by
Altera and sold by Altera or its authorized distributors.  Please
refer to the Altera Software License Subscription Agreements 
on the Quartus Prime software download page.



+-------------------------------------------------------------------------------------+
; Analysis & Elaboration Summary                                                      ;
+-------------------------------+-----------------------------------------------------+
; Analysis & Elaboration Status ; Successful - Mon Jul 27 20:09:20 2026               ;
; Quartus Prime Version         ; 24.1std.0 Build 1077 03/04/2025 SC Standard Edition ;
; Revision Name                 ; top                                                 ;
; Top-level Entity Name         ; top                                                 ;
; Family                        ; Cyclone V                                           ;
; Logic utilization (in ALMs)   ; N/A until Partition Merge                           ;
; Total registers               ; N/A until Partition Merge                           ;
; Total pins                    ; N/A until Partition Merge                           ;
; Total virtual pins            ; N/A until Partition Merge                           ;
; Total block memory bits       ; N/A until Partition Merge                           ;
; Total PLLs                    ; N/A until Partition Merge                           ;
; Total DLLs                    ; N/A until Partition Merge                           ;
+-------------------------------+-----------------------------------------------------+


+------------------------------------------+
; Parallel Compilation                     ;
+----------------------------+-------------+
; Processors                 ; Number      ;
+----------------------------+-------------+
; Number detected on machine ; 8           ;
; Maximum allowed            ; 4           ;
;                            ;             ;
; Average used               ; 1.00        ;
; Maximum used               ; 1           ;
;                            ;             ;
; Usage by Processor         ; % Time Used ;
;     Processor 1            ; 100.0%      ;
+----------------------------+-------------+


+--------------------------------------------------------------------------+
; Parameter Settings for User Entity Instance: uart_rx_128:uart_plain_inst ;
+----------------+----------+----------------------------------------------+
; Parameter Name ; Value    ; Type                                         ;
+----------------+----------+----------------------------------------------+
; CLK_FREQ       ; 50000000 ; Signed Integer                               ;
; BAUD           ; 9600     ; Signed Integer                               ;
+----------------+----------+----------------------------------------------+
Note: In order to hide this table in the UI and the text report file, please set the "Show Parameter Settings in Synthesis Report" option in "Analysis and Synthesis Settings -> More Settings" to "Off".


+--------------------------------------------------------------------------------------------+
; Parameter Settings for User Entity Instance: uart_rx_128:uart_plain_inst|uart_rx:u_uart_rx ;
+----------------+----------+----------------------------------------------------------------+
; Parameter Name ; Value    ; Type                                                           ;
+----------------+----------+----------------------------------------------------------------+
; CLK_FREQ       ; 50000000 ; Signed Integer                                                 ;
; BAUD           ; 9600     ; Signed Integer                                                 ;
+----------------+----------+----------------------------------------------------------------+
Note: In order to hide this table in the UI and the text report file, please set the "Show Parameter Settings in Synthesis Report" option in "Analysis and Synthesis Settings -> More Settings" to "Off".


+---------------------------------------------------------------------------------------------------------------------------+
; Analysis & Elaboration Settings                                                                                           ;
+---------------------------------------------------------------------------------+--------------------+--------------------+
; Option                                                                          ; Setting            ; Default Value      ;
+---------------------------------------------------------------------------------+--------------------+--------------------+
; Device                                                                          ; 5CGXFC7C7F23C8     ;                    ;
; Top-level entity name                                                           ; top                ; top                ;
; Family name                                                                     ; Cyclone V          ; Cyclone V          ;
; Use smart compilation                                                           ; Off                ; Off                ;
; Enable parallel Assembler and Timing Analyzer during compilation                ; On                 ; On                 ;
; Enable compact report table                                                     ; Off                ; Off                ;
; Restructure Multiplexers                                                        ; Auto               ; Auto               ;
; MLAB Add Timing Constraints For Mixed-Port Feed-Through Mode Setting Don't Care ; Off                ; Off                ;
; Create Debugging Nodes for IP Cores                                             ; Off                ; Off                ;
; Preserve fewer node names                                                       ; On                 ; On                 ;
; Intel FPGA IP Evaluation Mode                                                   ; Enable             ; Enable             ;
; Verilog Version                                                                 ; Verilog_2001       ; Verilog_2001       ;
; VHDL Version                                                                    ; VHDL_1993          ; VHDL_1993          ;
; State Machine Processing                                                        ; Auto               ; Auto               ;
; Safe State Machine                                                              ; Off                ; Off                ;
; Extract Verilog State Machines                                                  ; On                 ; On                 ;
; Extract VHDL State Machines                                                     ; On                 ; On                 ;
; Ignore Verilog initial constructs                                               ; Off                ; Off                ;
; Iteration limit for constant Verilog loops                                      ; 5000               ; 5000               ;
; Iteration limit for non-constant Verilog loops                                  ; 250                ; 250                ;
; Add Pass-Through Logic to Inferred RAMs                                         ; On                 ; On                 ;
; Infer RAMs from Raw Logic                                                       ; On                 ; On                 ;
; Parallel Synthesis                                                              ; On                 ; On                 ;
; DSP Block Balancing                                                             ; Auto               ; Auto               ;
; NOT Gate Push-Back                                                              ; On                 ; On                 ;
; Power-Up Don't Care                                                             ; On                 ; On                 ;
; Remove Redundant Logic Cells                                                    ; Off                ; Off                ;
; Remove Duplicate Registers                                                      ; On                 ; On                 ;
; Ignore CARRY Buffers                                                            ; Off                ; Off                ;
; Ignore CASCADE Buffers                                                          ; Off                ; Off                ;
; Ignore GLOBAL Buffers                                                           ; Off                ; Off                ;
; Ignore ROW GLOBAL Buffers                                                       ; Off                ; Off                ;
; Ignore LCELL Buffers                                                            ; Off                ; Off                ;
; Ignore SOFT Buffers                                                             ; On                 ; On                 ;
; Limit AHDL Integers to 32 Bits                                                  ; Off                ; Off                ;
; Optimization Technique                                                          ; Balanced           ; Balanced           ;
; Carry Chain Length                                                              ; 70                 ; 70                 ;
; Auto Carry Chains                                                               ; On                 ; On                 ;
; Auto Open-Drain Pins                                                            ; On                 ; On                 ;
; Perform WYSIWYG Primitive Resynthesis                                           ; Off                ; Off                ;
; Auto ROM Replacement                                                            ; On                 ; On                 ;
; Auto RAM Replacement                                                            ; On                 ; On                 ;
; Auto DSP Block Replacement                                                      ; On                 ; On                 ;
; Auto Shift Register Replacement                                                 ; Auto               ; Auto               ;
; Allow Shift Register Merging across Hierarchies                                 ; Auto               ; Auto               ;
; Auto Clock Enable Replacement                                                   ; On                 ; On                 ;
; Strict RAM Replacement                                                          ; Off                ; Off                ;
; Allow Synchronous Control Signals                                               ; On                 ; On                 ;
; Force Use of Synchronous Clear Signals                                          ; Off                ; Off                ;
; Auto Resource Sharing                                                           ; Off                ; Off                ;
; Allow Any RAM Size For Recognition                                              ; Off                ; Off                ;
; Allow Any ROM Size For Recognition                                              ; Off                ; Off                ;
; Allow Any Shift Register Size For Recognition                                   ; Off                ; Off                ;
; Use LogicLock Constraints during Resource Balancing                             ; On                 ; On                 ;
; Ignore translate_off and synthesis_off directives                               ; Off                ; Off                ;
; Timing-Driven Synthesis                                                         ; On                 ; On                 ;
; Report Parameter Settings                                                       ; On                 ; On                 ;
; Report Source Assignments                                                       ; On                 ; On                 ;
; Report Connectivity Checks                                                      ; On                 ; On                 ;
; Ignore Maximum Fan-Out Assignments                                              ; Off                ; Off                ;
; Synchronization Register Chain Length                                           ; 3                  ; 3                  ;
; Power Optimization During Synthesis                                             ; Normal compilation ; Normal compilation ;
; HDL message level                                                               ; Level2             ; Level2             ;
; Suppress Register Optimization Related Messages                                 ; Off                ; Off                ;
; Number of Removed Registers Reported in Synthesis Report                        ; 5000               ; 5000               ;
; Number of Swept Nodes Reported in Synthesis Report                              ; 5000               ; 5000               ;
; Number of Inverted Registers Reported in Synthesis Report                       ; 100                ; 100                ;
; Clock MUX Protection                                                            ; On                 ; On                 ;
; Auto Gated Clock Conversion                                                     ; Off                ; Off                ;
; Block Design Naming                                                             ; Auto               ; Auto               ;
; SDC constraint protection                                                       ; Off                ; Off                ;
; Synthesis Effort                                                                ; Auto               ; Auto               ;
; Shift Register Replacement - Allow Asynchronous Clear Signal                    ; On                 ; On                 ;
; Pre-Mapping Resynthesis Optimization                                            ; Off                ; Off                ;
; Analysis & Synthesis Message Level                                              ; Medium             ; Medium             ;
; Disable Register Merging Across Hierarchies                                     ; Auto               ; Auto               ;
; Resource Aware Inference For Block RAM                                          ; On                 ; On                 ;
; Automatic Parallel Synthesis                                                    ; On                 ; On                 ;
; Partial Reconfiguration Bitstream ID                                            ; Off                ; Off                ;
+---------------------------------------------------------------------------------+--------------------+--------------------+


+---------------------------------+
; Analysis & Elaboration Messages ;
+---------------------------------+
Info: *******************************************************************
Info: Running Quartus Prime Analysis & Elaboration
    Info: Version 24.1std.0 Build 1077 03/04/2025 SC Standard Edition
    Info: Processing started: Mon Jul 27 20:09:06 2026
Info: Command: quartus_map --read_settings_files=on --write_settings_files=off top -c top --analysis_and_elaboration
Warning (18236): Number of processors has not been specified which may cause overloading on shared machines.  Set the global assignment NUM_PARALLEL_PROCESSORS in your QSF to an appropriate value for best performance.
Info (20030): Parallel compilation is enabled and will use 4 of the 4 processors detected
Info (12021): Found 1 design units, including 1 entities, in source file /r4lr9lc#e4/final year/aes-128-encryption-with-uart/src/top.v
    Info (12023): Found entity 1: top File: E:/r4lR9lC#e4/FINAL YEAR/AES-128-Encryption-With-UART/src/top.v Line: 23
Info (12021): Found 1 design units, including 1 entities, in source file /r4lr9lc#e4/final year/aes-128-encryption-with-uart/src/aes/aes_core.v
    Info (12023): Found entity 1: aes_core File: E:/r4lR9lC#e4/FINAL YEAR/AES-128-Encryption-With-UART/src/aes/aes_core.v Line: 5
Info (12021): Found 1 design units, including 1 entities, in source file /r4lr9lc#e4/final year/aes-128-encryption-with-uart/src/aes/aes_fsm.v
    Info (12023): Found entity 1: aes_fsm File: E:/r4lR9lC#e4/FINAL YEAR/AES-128-Encryption-With-UART/src/aes/aes_fsm.v Line: 4
Info (12021): Found 1 design units, including 1 entities, in source file /r4lr9lc#e4/final year/aes-128-encryption-with-uart/src/aes/aes_datapath.v
    Info (12023): Found entity 1: aes_datapath File: E:/r4lR9lC#e4/FINAL YEAR/AES-128-Encryption-With-UART/src/aes/aes_datapath.v Line: 4
Info (12021): Found 1 design units, including 1 entities, in source file /r4lr9lc#e4/final year/aes-128-encryption-with-uart/src/aes/aes_keyschedule.v
    Info (12023): Found entity 1: aes_keyschedule File: E:/r4lR9lC#e4/FINAL YEAR/AES-128-Encryption-With-UART/src/aes/aes_keyschedule.v Line: 8
Info (12021): Found 1 design units, including 1 entities, in source file /r4lr9lc#e4/final year/aes-128-encryption-with-uart/src/aes/aes_subbytes.v
    Info (12023): Found entity 1: aes_subbytes File: E:/r4lR9lC#e4/FINAL YEAR/AES-128-Encryption-With-UART/src/aes/aes_subbytes.v Line: 4
Info (12021): Found 1 design units, including 1 entities, in source file /r4lr9lc#e4/final year/aes-128-encryption-with-uart/src/aes/aes_sbox.v
    Info (12023): Found entity 1: aes_sbox File: E:/r4lR9lC#e4/FINAL YEAR/AES-128-Encryption-With-UART/src/aes/aes_sbox.v Line: 4
Info (12021): Found 1 design units, including 1 entities, in source file /r4lr9lc#e4/final year/aes-128-encryption-with-uart/src/aes/aes_shiftrows.v
    Info (12023): Found entity 1: aes_shiftrows File: E:/r4lR9lC#e4/FINAL YEAR/AES-128-Encryption-With-UART/src/aes/aes_shiftrows.v Line: 4
Info (12021): Found 1 design units, including 1 entities, in source file /r4lr9lc#e4/final year/aes-128-encryption-with-uart/src/aes/aes_mixcolumns.v
    Info (12023): Found entity 1: aes_mixcolumns File: E:/r4lR9lC#e4/FINAL YEAR/AES-128-Encryption-With-UART/src/aes/aes_mixcolumns.v Line: 4
Info (12021): Found 1 design units, including 1 entities, in source file /r4lr9lc#e4/final year/aes-128-encryption-with-uart/src/aes/key_rom128.v
    Info (12023): Found entity 1: key_rom128 File: E:/r4lR9lC#e4/FINAL YEAR/AES-128-Encryption-With-UART/src/aes/key_rom128.v Line: 1
Info (12021): Found 1 design units, including 1 entities, in source file /r4lr9lc#e4/final year/aes-128-encryption-with-uart/src/uart/uart_rx.v
    Info (12023): Found entity 1: uart_rx File: E:/r4lR9lC#e4/FINAL YEAR/AES-128-Encryption-With-UART/src/uart/uart_rx.v Line: 4
Info (12021): Found 1 design units, including 1 entities, in source file /r4lr9lc#e4/final year/aes-128-encryption-with-uart/src/uart/uart_rx_128.v
    Info (12023): Found entity 1: uart_rx_128 File: E:/r4lR9lC#e4/FINAL YEAR/AES-128-Encryption-With-UART/src/uart/uart_rx_128.v Line: 4
Info (12021): Found 1 design units, including 1 entities, in source file /r4lr9lc#e4/final year/aes-128-encryption-with-uart/src/display/top_128bit_display.v
    Info (12023): Found entity 1: top_128bit_display File: E:/r4lR9lC#e4/FINAL YEAR/AES-128-Encryption-With-UART/src/display/top_128bit_display.v Line: 4
Info (12021): Found 1 design units, including 1 entities, in source file /r4lr9lc#e4/final year/aes-128-encryption-with-uart/src/display/eight_sevenseg_32bit.v
    Info (12023): Found entity 1: eight_sevenseg_32bit File: E:/r4lR9lC#e4/FINAL YEAR/AES-128-Encryption-With-UART/src/display/eight_sevenseg_32bit.v Line: 4
Info (12021): Found 1 design units, including 1 entities, in source file /r4lr9lc#e4/final year/aes-128-encryption-with-uart/src/display/hex_to_7seg.v
    Info (12023): Found entity 1: hex_to_7seg File: E:/r4lR9lC#e4/FINAL YEAR/AES-128-Encryption-With-UART/src/display/hex_to_7seg.v Line: 4
Info (12021): Found 1 design units, including 1 entities, in source file /r4lr9lc#e4/final year/aes-128-encryption-with-uart/src/debug/debug_led_block.v
    Info (12023): Found entity 1: debug_led_block File: E:/r4lR9lC#e4/FINAL YEAR/AES-128-Encryption-With-UART/src/debug/debug_led_block.v Line: 5
Info (12021): Found 1 design units, including 1 entities, in source file /r4lr9lc#e4/final year/aes-128-encryption-with-uart/src/debug/clk_counter.v
    Info (12023): Found entity 1: clk_counter File: E:/r4lR9lC#e4/FINAL YEAR/AES-128-Encryption-With-UART/src/debug/clk_counter.v Line: 4
Info (12021): Found 1 design units, including 1 entities, in source file /r4lr9lc#e4/final year/aes-128-encryption-with-uart/src/utils/debounce.v
    Info (12023): Found entity 1: debounce File: E:/r4lR9lC#e4/FINAL YEAR/AES-128-Encryption-With-UART/src/utils/debounce.v Line: 4
Info (12021): Found 1 design units, including 1 entities, in source file /r4lr9lc#e4/final year/aes-128-encryption-with-uart/src/utils/edge_detector.v
    Info (12023): Found entity 1: edge_detector File: E:/r4lR9lC#e4/FINAL YEAR/AES-128-Encryption-With-UART/src/utils/edge_detector.v Line: 4
Info (12021): Found 1 design units, including 1 entities, in source file /r4lr9lc#e4/final year/aes-128-encryption-with-uart/src/utils/counter2_up.v
    Info (12023): Found entity 1: counter2_up File: E:/r4lR9lC#e4/FINAL YEAR/AES-128-Encryption-With-UART/src/utils/counter2_up.v Line: 4
Info (12021): Found 1 design units, including 1 entities, in source file /r4lr9lc#e4/final year/aes-128-encryption-with-uart/src/utils/mux4x1_32bit.v
    Info (12023): Found entity 1: mux4x1_32bit File: E:/r4lR9lC#e4/FINAL YEAR/AES-128-Encryption-With-UART/src/utils/mux4x1_32bit.v Line: 4
Warning (10236): Verilog HDL Implicit Net warning at top.v(132): created implicit net for "done" File: E:/r4lR9lC#e4/FINAL YEAR/AES-128-Encryption-With-UART/src/top.v Line: 132
Info (12127): Elaborating entity "top" for the top level hierarchy
Info (12128): Elaborating entity "debounce" for hierarchy "debounce:db_clk" File: E:/r4lR9lC#e4/FINAL YEAR/AES-128-Encryption-With-UART/src/top.v Line: 56
Warning (10230): Verilog HDL assignment warning at debounce.v(16): truncated value with size 32 to match size of target (20) File: E:/r4lR9lC#e4/FINAL YEAR/AES-128-Encryption-With-UART/src/utils/debounce.v Line: 16
Info (12128): Elaborating entity "uart_rx_128" for hierarchy "uart_rx_128:uart_plain_inst" File: E:/r4lR9lC#e4/FINAL YEAR/AES-128-Encryption-With-UART/src/top.v Line: 93
Warning (10230): Verilog HDL assignment warning at uart_rx_128.v(41): truncated value with size 8 to match size of target (4) File: E:/r4lR9lC#e4/FINAL YEAR/AES-128-Encryption-With-UART/src/uart/uart_rx_128.v Line: 41
Warning (10230): Verilog HDL assignment warning at uart_rx_128.v(42): truncated value with size 8 to match size of target (4) File: E:/r4lR9lC#e4/FINAL YEAR/AES-128-Encryption-With-UART/src/uart/uart_rx_128.v Line: 42
Warning (10230): Verilog HDL assignment warning at uart_rx_128.v(43): truncated value with size 8 to match size of target (4) File: E:/r4lR9lC#e4/FINAL YEAR/AES-128-Encryption-With-UART/src/uart/uart_rx_128.v Line: 43
Info (12128): Elaborating entity "uart_rx" for hierarchy "uart_rx_128:uart_plain_inst|uart_rx:u_uart_rx" File: E:/r4lR9lC#e4/FINAL YEAR/AES-128-Encryption-With-UART/src/uart/uart_rx_128.v Line: 33
Warning (10230): Verilog HDL assignment warning at uart_rx.v(43): truncated value with size 32 to match size of target (16) File: E:/r4lR9lC#e4/FINAL YEAR/AES-128-Encryption-With-UART/src/uart/uart_rx.v Line: 43
Warning (10230): Verilog HDL assignment warning at uart_rx.v(52): truncated value with size 32 to match size of target (3) File: E:/r4lR9lC#e4/FINAL YEAR/AES-128-Encryption-With-UART/src/uart/uart_rx.v Line: 52
Warning (10230): Verilog HDL assignment warning at uart_rx.v(54): truncated value with size 32 to match size of target (16) File: E:/r4lR9lC#e4/FINAL YEAR/AES-128-Encryption-With-UART/src/uart/uart_rx.v Line: 54
Warning (10230): Verilog HDL assignment warning at uart_rx.v(62): truncated value with size 32 to match size of target (16) File: E:/r4lR9lC#e4/FINAL YEAR/AES-128-Encryption-With-UART/src/uart/uart_rx.v Line: 62
Info (12128): Elaborating entity "debug_led_block" for hierarchy "debug_led_block:dbg_inst" File: E:/r4lR9lC#e4/FINAL YEAR/AES-128-Encryption-With-UART/src/top.v Line: 108
Warning (10230): Verilog HDL assignment warning at debug_led_block.v(30): truncated value with size 32 to match size of target (20) File: E:/r4lR9lC#e4/FINAL YEAR/AES-128-Encryption-With-UART/src/debug/debug_led_block.v Line: 30
Warning (10230): Verilog HDL assignment warning at debug_led_block.v(35): truncated value with size 32 to match size of target (20) File: E:/r4lR9lC#e4/FINAL YEAR/AES-128-Encryption-With-UART/src/debug/debug_led_block.v Line: 35
Warning (10230): Verilog HDL assignment warning at debug_led_block.v(40): truncated value with size 32 to match size of target (20) File: E:/r4lR9lC#e4/FINAL YEAR/AES-128-Encryption-With-UART/src/debug/debug_led_block.v Line: 40
Info (12128): Elaborating entity "key_rom128" for hierarchy "key_rom128:key_rom" File: E:/r4lR9lC#e4/FINAL YEAR/AES-128-Encryption-With-UART/src/top.v Line: 119
Warning (10030): Net "mem.data_a" at key_rom128.v(7) has no driver or initial value, using a default initial value '0' File: E:/r4lR9lC#e4/FINAL YEAR/AES-128-Encryption-With-UART/src/aes/key_rom128.v Line: 7
Warning (10030): Net "mem.waddr_a" at key_rom128.v(7) has no driver or initial value, using a default initial value '0' File: E:/r4lR9lC#e4/FINAL YEAR/AES-128-Encryption-With-UART/src/aes/key_rom128.v Line: 7
Warning (10030): Net "mem.we_a" at key_rom128.v(7) has no driver or initial value, using a default initial value '0' File: E:/r4lR9lC#e4/FINAL YEAR/AES-128-Encryption-With-UART/src/aes/key_rom128.v Line: 7
Info (12128): Elaborating entity "aes_core" for hierarchy "aes_core:aes_inst" File: E:/r4lR9lC#e4/FINAL YEAR/AES-128-Encryption-With-UART/src/top.v Line: 133
Info (12128): Elaborating entity "aes_keyschedule" for hierarchy "aes_core:aes_inst|aes_keyschedule:u_ks" File: E:/r4lR9lC#e4/FINAL YEAR/AES-128-Encryption-With-UART/src/aes/aes_core.v Line: 22
Info (12128): Elaborating entity "aes_sbox" for hierarchy "aes_core:aes_inst|aes_keyschedule:u_ks|aes_sbox:ks_round[1].sb0" File: E:/r4lR9lC#e4/FINAL YEAR/AES-128-Encryption-With-UART/src/aes/aes_keyschedule.v Line: 40
Warning (10030): Net "sbox.data_a" at aes_sbox.v(8) has no driver or initial value, using a default initial value '0' File: E:/r4lR9lC#e4/FINAL YEAR/AES-128-Encryption-With-UART/src/aes/aes_sbox.v Line: 8
Warning (10030): Net "sbox.waddr_a" at aes_sbox.v(8) has no driver or initial value, using a default initial value '0' File: E:/r4lR9lC#e4/FINAL YEAR/AES-128-Encryption-With-UART/src/aes/aes_sbox.v Line: 8
Warning (10030): Net "sbox.we_a" at aes_sbox.v(8) has no driver or initial value, using a default initial value '0' File: E:/r4lR9lC#e4/FINAL YEAR/AES-128-Encryption-With-UART/src/aes/aes_sbox.v Line: 8
Info (12128): Elaborating entity "aes_fsm" for hierarchy "aes_core:aes_inst|aes_fsm:u_fsm" File: E:/r4lR9lC#e4/FINAL YEAR/AES-128-Encryption-With-UART/src/aes/aes_core.v Line: 35
Info (10264): Verilog HDL Case Statement information at aes_fsm.v(25): all case item expressions in this case statement are onehot File: E:/r4lR9lC#e4/FINAL YEAR/AES-128-Encryption-With-UART/src/aes/aes_fsm.v Line: 25
Info (12128): Elaborating entity "aes_datapath" for hierarchy "aes_core:aes_inst|aes_datapath:u_dp" File: E:/r4lR9lC#e4/FINAL YEAR/AES-128-Encryption-With-UART/src/aes/aes_core.v Line: 45
Info (12128): Elaborating entity "aes_subbytes" for hierarchy "aes_core:aes_inst|aes_datapath:u_dp|aes_subbytes:u_sub" File: E:/r4lR9lC#e4/FINAL YEAR/AES-128-Encryption-With-UART/src/aes/aes_datapath.v Line: 16
Info (12128): Elaborating entity "aes_shiftrows" for hierarchy "aes_core:aes_inst|aes_datapath:u_dp|aes_shiftrows:u_shift" File: E:/r4lR9lC#e4/FINAL YEAR/AES-128-Encryption-With-UART/src/aes/aes_datapath.v Line: 17
Info (10008): Verilog HDL or VHDL information: EDA Netlist Writer cannot regroup multidimensional array "s" into its bus
Info (10008): Verilog HDL or VHDL information: EDA Netlist Writer cannot regroup multidimensional array "sr" into its bus
Info (12128): Elaborating entity "aes_mixcolumns" for hierarchy "aes_core:aes_inst|aes_datapath:u_dp|aes_mixcolumns:u_mix" File: E:/r4lR9lC#e4/FINAL YEAR/AES-128-Encryption-With-UART/src/aes/aes_datapath.v Line: 18
Info (12128): Elaborating entity "clk_counter" for hierarchy "clk_counter:clk_cnt_inst" File: E:/r4lR9lC#e4/FINAL YEAR/AES-128-Encryption-With-UART/src/top.v Line: 144
Info (12128): Elaborating entity "top_128bit_display" for hierarchy "top_128bit_display:display_inst" File: E:/r4lR9lC#e4/FINAL YEAR/AES-128-Encryption-With-UART/src/top.v Line: 170
Info (12128): Elaborating entity "edge_detector" for hierarchy "top_128bit_display:display_inst|edge_detector:edge_inst" File: E:/r4lR9lC#e4/FINAL YEAR/AES-128-Encryption-With-UART/src/display/top_128bit_display.v Line: 35
Info (12128): Elaborating entity "counter2_up" for hierarchy "top_128bit_display:display_inst|counter2_up:counter_inst" File: E:/r4lR9lC#e4/FINAL YEAR/AES-128-Encryption-With-UART/src/display/top_128bit_display.v Line: 42
Info (12128): Elaborating entity "mux4x1_32bit" for hierarchy "top_128bit_display:display_inst|mux4x1_32bit:mux_inst" File: E:/r4lR9lC#e4/FINAL YEAR/AES-128-Encryption-With-UART/src/display/top_128bit_display.v Line: 51
Info (12128): Elaborating entity "eight_sevenseg_32bit" for hierarchy "top_128bit_display:display_inst|eight_sevenseg_32bit:disp_inst" File: E:/r4lR9lC#e4/FINAL YEAR/AES-128-Encryption-With-UART/src/display/top_128bit_display.v Line: 57
Info (12128): Elaborating entity "hex_to_7seg" for hierarchy "top_128bit_display:display_inst|eight_sevenseg_32bit:disp_inst|hex_to_7seg:d0" File: E:/r4lR9lC#e4/FINAL YEAR/AES-128-Encryption-With-UART/src/display/eight_sevenseg_32bit.v Line: 8
Info (144001): Generated suppressed messages file E:/r4lR9lC#e4/FINAL YEAR/AES-128-Encryption-With-UART/quartus/output_files/top.map.smsg
Info: Quartus Prime Analysis & Elaboration was successful. 0 errors, 19 warnings
    Info: Peak virtual memory: 4857 megabytes
    Info: Processing ended: Mon Jul 27 20:09:20 2026
    Info: Elapsed time: 00:00:14
    Info: Total CPU time (on all processors): 00:00:32


+--------------------------------------------+
; Analysis & Elaboration Suppressed Messages ;
+--------------------------------------------+
The suppressed messages can be found in E:/r4lR9lC#e4/FINAL YEAR/AES-128-Encryption-With-UART/quartus/output_files/top.map.smsg.


